// Jest Snapshot v1, https://goo.gl/fbAQLP

exports[`App matches the snapshot 1`] = `
ShallowWrapper {
  "length": 1,
  Symbol(enzyme.__root__): [Circular],
  Symbol(enzyme.__unrendered__): <App
    fetchMovies={[Function]}
/>,
  Symbol(enzyme.__renderer__): Object {
    "batchedUpdates": [Function],
    "getNode": [Function],
    "render": [Function],
    "simulateEvent": [Function],
    "unmount": [Function],
  },
  Symbol(enzyme.__node__): Object {
    "instance": null,
    "key": undefined,
    "nodeType": "host",
    "props": Object {
      "children": Array [
        <header>
          MovieTracker
</header>,
        <NavLink
          activeClassName="active"
          ariaCurrent="true"
          to="/favorites"
>
          Favorites
</NavLink>,
        <Switch>
          <Route
                    exact={true}
                    path="/"
                    render={[Function]}
          />
          <Route
                    path="/login"
                    render={[Function]}
          />
          <Route
                    path="/account"
                    render={[Function]}
          />
          <Route
                    path="/favorites"
                    render={[Function]}
          />
</Switch>,
      ],
      "className": "App",
    },
    "ref": null,
    "rendered": Array [
      Object {
        "instance": null,
        "key": undefined,
        "nodeType": "host",
        "props": Object {
          "children": "MovieTracker",
        },
        "ref": null,
        "rendered": "MovieTracker",
        "type": "header",
      },
      Object {
        "instance": null,
        "key": undefined,
        "nodeType": "function",
        "props": Object {
          "activeClassName": "active",
          "ariaCurrent": "true",
          "children": "Favorites",
          "to": "/favorites",
        },
        "ref": null,
        "rendered": "Favorites",
        "type": [Function],
      },
      Object {
        "instance": null,
        "key": undefined,
        "nodeType": "class",
        "props": Object {
          "children": Array [
            <Route
              exact={true}
              path="/"
              render={[Function]}
/>,
            <Route
              path="/login"
              render={[Function]}
/>,
            <Route
              path="/account"
              render={[Function]}
/>,
            <Route
              path="/favorites"
              render={[Function]}
/>,
          ],
        },
        "ref": null,
        "rendered": Array [
          Object {
            "instance": null,
            "key": undefined,
            "nodeType": "class",
            "props": Object {
              "exact": true,
              "path": "/",
              "render": [Function],
            },
            "ref": null,
            "rendered": null,
            "type": [Function],
          },
          Object {
            "instance": null,
            "key": undefined,
            "nodeType": "class",
            "props": Object {
              "path": "/login",
              "render": [Function],
            },
            "ref": null,
            "rendered": null,
            "type": [Function],
          },
          Object {
            "instance": null,
            "key": undefined,
            "nodeType": "class",
            "props": Object {
              "path": "/account",
              "render": [Function],
            },
            "ref": null,
            "rendered": null,
            "type": [Function],
          },
          Object {
            "instance": null,
            "key": undefined,
            "nodeType": "class",
            "props": Object {
              "path": "/favorites",
              "render": [Function],
            },
            "ref": null,
            "rendered": null,
            "type": [Function],
          },
        ],
        "type": [Function],
      },
    ],
    "type": "div",
  },
  Symbol(enzyme.__nodes__): Array [
    Object {
      "instance": null,
      "key": undefined,
      "nodeType": "host",
      "props": Object {
        "children": Array [
          <header>
            MovieTracker
</header>,
          <NavLink
            activeClassName="active"
            ariaCurrent="true"
            to="/favorites"
>
            Favorites
</NavLink>,
          <Switch>
            <Route
                        exact={true}
                        path="/"
                        render={[Function]}
            />
            <Route
                        path="/login"
                        render={[Function]}
            />
            <Route
                        path="/account"
                        render={[Function]}
            />
            <Route
                        path="/favorites"
                        render={[Function]}
            />
</Switch>,
        ],
        "className": "App",
      },
      "ref": null,
      "rendered": Array [
        Object {
          "instance": null,
          "key": undefined,
          "nodeType": "host",
          "props": Object {
            "children": "MovieTracker",
          },
          "ref": null,
          "rendered": "MovieTracker",
          "type": "header",
        },
        Object {
          "instance": null,
          "key": undefined,
          "nodeType": "function",
          "props": Object {
            "activeClassName": "active",
            "ariaCurrent": "true",
            "children": "Favorites",
            "to": "/favorites",
          },
          "ref": null,
          "rendered": "Favorites",
          "type": [Function],
        },
        Object {
          "instance": null,
          "key": undefined,
          "nodeType": "class",
          "props": Object {
            "children": Array [
              <Route
                exact={true}
                path="/"
                render={[Function]}
/>,
              <Route
                path="/login"
                render={[Function]}
/>,
              <Route
                path="/account"
                render={[Function]}
/>,
              <Route
                path="/favorites"
                render={[Function]}
/>,
            ],
          },
          "ref": null,
          "rendered": Array [
            Object {
              "instance": null,
              "key": undefined,
              "nodeType": "class",
              "props": Object {
                "exact": true,
                "path": "/",
                "render": [Function],
              },
              "ref": null,
              "rendered": null,
              "type": [Function],
            },
            Object {
              "instance": null,
              "key": undefined,
              "nodeType": "class",
              "props": Object {
                "path": "/login",
                "render": [Function],
              },
              "ref": null,
              "rendered": null,
              "type": [Function],
            },
            Object {
              "instance": null,
              "key": undefined,
              "nodeType": "class",
              "props": Object {
                "path": "/account",
                "render": [Function],
              },
              "ref": null,
              "rendered": null,
              "type": [Function],
            },
            Object {
              "instance": null,
              "key": undefined,
              "nodeType": "class",
              "props": Object {
                "path": "/favorites",
                "render": [Function],
              },
              "ref": null,
              "rendered": null,
              "type": [Function],
            },
          ],
          "type": [Function],
        },
      ],
      "type": "div",
    },
  ],
  Symbol(enzyme.__options__): Object {
    "adapter": ReactSixteenAdapter {
      "options": Object {
        "enableComponentDidUpdateOnSetState": true,
      },
    },
  },
}
`;
