// Jest Snapshot v1, https://goo.gl/fbAQLP

exports[`CreateAccount Should match the snapshot 1`] = `
ShallowWrapper {
  "length": 1,
  Symbol(enzyme.__root__): [Circular],
  Symbol(enzyme.__unrendered__): <CreateAccount
    handleUser={[Function]}
    history={
        Object {
            "push": [Function],
          }
    }
/>,
  Symbol(enzyme.__renderer__): Object {
    "batchedUpdates": [Function],
    "getNode": [Function],
    "render": [Function],
    "simulateEvent": [Function],
    "unmount": [Function],
  },
  Symbol(enzyme.__node__): Object {
    "instance": null,
    "key": undefined,
    "nodeType": "host",
    "props": Object {
      "children": <form
        onSubmit={[Function]}
>
        <input
                name="name"
                onChange={[Function]}
                placeholder="Enter Your name"
                required={true}
                type="text"
                value=""
        />
        <input
                name="email"
                onChange={[Function]}
                placeholder="Enter Email"
                required={true}
                type="email"
                value=""
        />
        <input
                name="password"
                onChange={[Function]}
                placeholder="Enter Your Password"
                required={true}
                type="password"
                value=""
        />
        <button
                type="submit"
        >
                Submit
        </button>
</form>,
    },
    "ref": null,
    "rendered": Object {
      "instance": null,
      "key": undefined,
      "nodeType": "host",
      "props": Object {
        "children": Array [
          <input
            name="name"
            onChange={[Function]}
            placeholder="Enter Your name"
            required={true}
            type="text"
            value=""
/>,
          <input
            name="email"
            onChange={[Function]}
            placeholder="Enter Email"
            required={true}
            type="email"
            value=""
/>,
          <input
            name="password"
            onChange={[Function]}
            placeholder="Enter Your Password"
            required={true}
            type="password"
            value=""
/>,
          <button
            type="submit"
>
            Submit
</button>,
        ],
        "onSubmit": [Function],
      },
      "ref": null,
      "rendered": Array [
        Object {
          "instance": null,
          "key": undefined,
          "nodeType": "host",
          "props": Object {
            "name": "name",
            "onChange": [Function],
            "placeholder": "Enter Your name",
            "required": true,
            "type": "text",
            "value": "",
          },
          "ref": null,
          "rendered": null,
          "type": "input",
        },
        Object {
          "instance": null,
          "key": undefined,
          "nodeType": "host",
          "props": Object {
            "name": "email",
            "onChange": [Function],
            "placeholder": "Enter Email",
            "required": true,
            "type": "email",
            "value": "",
          },
          "ref": null,
          "rendered": null,
          "type": "input",
        },
        Object {
          "instance": null,
          "key": undefined,
          "nodeType": "host",
          "props": Object {
            "name": "password",
            "onChange": [Function],
            "placeholder": "Enter Your Password",
            "required": true,
            "type": "password",
            "value": "",
          },
          "ref": null,
          "rendered": null,
          "type": "input",
        },
        Object {
          "instance": null,
          "key": undefined,
          "nodeType": "host",
          "props": Object {
            "children": "Submit",
            "type": "submit",
          },
          "ref": null,
          "rendered": "Submit",
          "type": "button",
        },
      ],
      "type": "form",
    },
    "type": "div",
  },
  Symbol(enzyme.__nodes__): Array [
    Object {
      "instance": null,
      "key": undefined,
      "nodeType": "host",
      "props": Object {
        "children": <form
          onSubmit={[Function]}
>
          <input
                    name="name"
                    onChange={[Function]}
                    placeholder="Enter Your name"
                    required={true}
                    type="text"
                    value=""
          />
          <input
                    name="email"
                    onChange={[Function]}
                    placeholder="Enter Email"
                    required={true}
                    type="email"
                    value=""
          />
          <input
                    name="password"
                    onChange={[Function]}
                    placeholder="Enter Your Password"
                    required={true}
                    type="password"
                    value=""
          />
          <button
                    type="submit"
          >
                    Submit
          </button>
</form>,
      },
      "ref": null,
      "rendered": Object {
        "instance": null,
        "key": undefined,
        "nodeType": "host",
        "props": Object {
          "children": Array [
            <input
              name="name"
              onChange={[Function]}
              placeholder="Enter Your name"
              required={true}
              type="text"
              value=""
/>,
            <input
              name="email"
              onChange={[Function]}
              placeholder="Enter Email"
              required={true}
              type="email"
              value=""
/>,
            <input
              name="password"
              onChange={[Function]}
              placeholder="Enter Your Password"
              required={true}
              type="password"
              value=""
/>,
            <button
              type="submit"
>
              Submit
</button>,
          ],
          "onSubmit": [Function],
        },
        "ref": null,
        "rendered": Array [
          Object {
            "instance": null,
            "key": undefined,
            "nodeType": "host",
            "props": Object {
              "name": "name",
              "onChange": [Function],
              "placeholder": "Enter Your name",
              "required": true,
              "type": "text",
              "value": "",
            },
            "ref": null,
            "rendered": null,
            "type": "input",
          },
          Object {
            "instance": null,
            "key": undefined,
            "nodeType": "host",
            "props": Object {
              "name": "email",
              "onChange": [Function],
              "placeholder": "Enter Email",
              "required": true,
              "type": "email",
              "value": "",
            },
            "ref": null,
            "rendered": null,
            "type": "input",
          },
          Object {
            "instance": null,
            "key": undefined,
            "nodeType": "host",
            "props": Object {
              "name": "password",
              "onChange": [Function],
              "placeholder": "Enter Your Password",
              "required": true,
              "type": "password",
              "value": "",
            },
            "ref": null,
            "rendered": null,
            "type": "input",
          },
          Object {
            "instance": null,
            "key": undefined,
            "nodeType": "host",
            "props": Object {
              "children": "Submit",
              "type": "submit",
            },
            "ref": null,
            "rendered": "Submit",
            "type": "button",
          },
        ],
        "type": "form",
      },
      "type": "div",
    },
  ],
  Symbol(enzyme.__options__): Object {
    "adapter": ReactSixteenAdapter {
      "options": Object {
        "enableComponentDidUpdateOnSetState": true,
      },
    },
  },
}
`;
